=== Clean Output ===
> /Users/raychen/Applications/DevEco-Studio.app/contents/tools/node/bin/node /Users/raychen/Applications/DevEco-Studio.app/contents/tools/hvigor/bin/hvigorw.js clean --no-daemon

> hvigor Finished :entry:clean... after 7 ms 
> hvigor Finished ::clean... after 1 ms 
> hvigor BUILD SUCCESSFUL in 447 ms 


Process finished with exit code 0

=== Build Output ===
> /Users/raychen/Applications/DevEco-Studio.app/contents/tools/node/bin/node /Users/raychen/Applications/DevEco-Studio.app/contents/tools/hvigor/bin/hvigorw.js --mode project -p product=default assembleApp -p buildMode=debug --daemon

> hvigor Finished ::PreBuildApp... after 1 ms 
> hvigor UP-TO-DATE :entry:default@PreBuild...  
> hvigor Finished ::DuplicateDependencyCheck... after 1 ms 
> hvigor Finished :entry:default@CreateModuleInfo... after 1 ms 
> hvigor Finished :entry:default@GenerateMetadata... after 1 ms 
> hvigor Finished :entry:default@ConfigureCmake... after 1 ms 
> hvigor Finished :entry:default@MergeProfile... after 1 ms 
> hvigor Finished :entry:default@CreateBuildProfile... after 1 ms 
> hvigor Finished :entry:default@PreCheckSyscap... after 1 ms 
> hvigor Finished :entry:default@GeneratePkgContextInfo... after 1 ms 
> hvigor Finished :entry:default@GeneratePkgSdkInfo... after 1 ms 
> hvigor Finished :entry:default@ProcessIntegratedHsp... after 1 ms 
> hvigor Finished :entry:default@BuildNativeWithCmake... after 1 ms 
> hvigor Finished :entry:default@MakePackInfo... after 1 ms 
> hvigor Finished :entry:default@SyscapTransform... after 1 ms 
> hvigor Finished :entry:default@ProcessProfile... after 46 ms 
> hvigor Finished :entry:default@ProcessRouterMap... after 1 ms 
> hvigor Finished :entry:default@ProcessShareConfig... after 1 ms 
> hvigor Finished :entry:default@ProcessStartupConfig... after 1 ms 
> hvigor Finished :entry:default@BuildNativeWithNinja... after 1 ms 
> hvigor Finished :entry:default@ProcessResource... after 1 ms 
> hvigor Finished :entry:default@GenerateLoaderJson... after 1 ms 
> hvigor Finished :entry:default@ProcessLibs... after 1 ms 
> hvigor Finished :entry:default@CompileResource... after 114 ms 
> hvigor Finished :entry:default@DoNativeStrip... after 1 ms 
> hvigor Finished :entry:default@BuildJS... after 1 ms 
> hvigor Finished :entry:default@CacheNativeLibs... after 4 ms 
> hvigor ERROR: Failed :entry:default@CompileArkTS... 
> hvigor WARN: 
1 WARN: ArkTS:WARN: For details about ArkTS syntax errors, see FAQs
> hvigor ERROR: ArkTS Compiler Error
1 ERROR: 10605008 ArkTS Compiler Error
Error Message: Use explicit types instead of "any", "unknown" (arkts-no-any-unknown) At File: /Users/raychen/Develop/HarmonyOS/NovaTask/entry/src/main/ets/pages/TaskDetailPage.ets:20:9


2 ERROR: 10505001 ArkTS Compiler Error
Error Message: Conversion of type 'unknown[]' to type 'string' may be a mistake because neither type sufficiently overlaps with the other. If this was intentional, convert the expression to 'unknown' first. At File: /Users/raychen/Develop/HarmonyOS/NovaTask/entry/src/main/ets/pages/TaskDetailPage.ets:22:21


3 ERROR: 10505001 ArkTS Compiler Error
Error Message: Property 'Stack' does not exist on type 'typeof NavigationTitleMode'. At File: /Users/raychen/Develop/HarmonyOS/NovaTask/entry/src/main/ets/pages/Index.ets:24:36


4 ERROR: 10905402 ArkTS Compiler Error
Error Message: A page configured in 'main_pages.json or build-profile.json5' must have one and only one '@Entry' decorator. At File: /Users/raychen/Develop/HarmonyOS/NovaTask/entry/src/main/ets/pages/TaskListPage.ets

* Try the following:
  > Please make sure that the splash page has one and only one '@Entry' decorator.


5 ERROR: 10905402 ArkTS Compiler Error
Error Message: A page configured in 'main_pages.json or build-profile.json5' must have one and only one '@Entry' decorator. At File: /Users/raychen/Develop/HarmonyOS/NovaTask/entry/src/main/ets/pages/TaskDetailPage.ets

* Try the following:
  > Please make sure that the splash page has one and only one '@Entry' decorator.


6 ERROR: 10905402 ArkTS Compiler Error
Error Message: A page configured in 'main_pages.json or build-profile.json5' must have one and only one '@Entry' decorator. At File: /Users/raychen/Develop/HarmonyOS/NovaTask/entry/src/main/ets/pages/SettingsPage.ets

* Try the following:
  > Please make sure that the splash page has one and only one '@Entry' decorator.


COMPILE RESULT:FAIL {ERROR:7 WARN:1}

* Try:
> Run with --stacktrace option to get the stack trace.
> Run with --debug option to get more log output.

> hvigor ERROR: BUILD FAILED in 493 ms 


Process finished with exit code 255

